TTTTTTTTTTTTTTtttTTTTtTTTTTTTTTTTTtTTTTTTTTTTTTTTTTTTTTTTTTTTTTT
TTTTTTtttTTTtttt.tTTTtttTTTTtttTTTTttTTTtttTTTTTTtttTTTTTTTTTTTT
TTTttt....tttt......ttt....ttttt....ttt....tttt...ttttt..ttTTTTTTT
TTtt.................tt...........,,,.............,,,..tttTTTTTTTTT
Ttt...........##########.........,,,..............,,,...tttTTTTTTTT
Tt............#:::::::#.........,,,,,.............,,,....ttTTTTTTTT
T.............#::S::::#.......,,,,,,,,,...........,,,.....tTTTTTTTT
T.............#:::::::#......,,,,,,,,,,,..........,,,.....tTTTTTTTT
t.............#####+####....,,,,,,,,,,,,,.........,,,.....ttTTTTTTT
t........................,,,,,,,,@,,,,,,,,,,,,,,,,,,,.....ttTTTTTTT
t.......................,,,,,,,,,,,,,,,,,,,,,,,,,,,,,,....tttTTTTTTT
t.............#####+####....,,,,,,,,,,,,,.........,,,...tttTTTTTTTTT
T.............#:::::::#......,,,,,,,,,,,..........,,,.tttTTTTTTTTTT
T.............#::B::::#.......,,,,,,,,,...........,,,..ttTTTTTTTTTT
T.............#:::::::#.........,,,,,.......:::::.,,,..ttTTTTTTTTTT
Tt............#########..........,,,.......:::::.,,,....tTTTTTTTTTT
Ttt..........................,...,,,.......:>:::.,,,....ttTTTTTTTTTT
TTtt.........................,...,,,.......:::::.,,,....ttTTTTTTTTTT
TTTtt..........########......,..,,,..........,,.,,,...tttTTTTTTTTTT
TTTTtt.........#::::::#.....,,..,,,,.........,,,,...ttTTTTTTTTTTTTT
TTTTTtt........#::P::+,.....,....,,,.........,,,..tttTTTTTTTTTTTTT
TTTTTTtt.......#::::::#...........,,,.......,,,..ttTTTTTTTTTTTTTTT
TTTTTTTttt.....########............,,,.....,,,.tttTTTTTTTTTTTTTTTT
TTTTTTTTTttt........................,,,,,,,,,..ttTTTTTTTTTTTTTTTTT
TTTTTTTTTTtttt.......................,,,,,,,...tttTTTTTTTTTTTTTTTTT
TTTTTTTTTTTTtttt...........F.........,,,,..tttTTTTTTTTTTTTTTTTTTT
TTTTTTTTTTTTTTtttttt.................,,...ttTTTTTTTTTTTTTTTTTTTTTT
TTTTTTTTTTTTTTTTTTttttttt...........,...tttTTTTTTTTTTTTTTTTTTTTTTT
TTTTTTTTTTTTTTTTTTTTTTTtttttttttttttttttTTTTTTTTTTTTTTTTTTTTTTTTTT
TTTTTTTTTTTTTTTTTTTTTTTTTTTTTTTTTTTTTTTTTTTTTTTTTTTTTTTTTTTTTTTTTt
